// Jest Snapshot v1, https://goo.gl/fbAQLP

exports[`User profile header buttons test Is not acting user 1`] = `
<div
  className="contact profile-manage-controls"
>
  <div
    aria-haspopup="dialog"
    className="flyout-trigger nti-button message message-button-flyout flyout-closed"
    onBlur={[Function]}
    onFocus={[Function]}
    onKeyPress={[Function]}
    onMouseEnter={[Function]}
    onMouseLeave={[Function]}
    tabIndex={0}
  >
    <span>
      <div
        className="icon"
      />
      <span
        className="text"
      >
        Message
      </span>
    </span>
  </div>
  <a
    className="nti-button unfollow primary"
    onClick={[Function]}
    onKeyDown={[Function]}
    role="button"
    tabIndex="0"
  >
    <div
      className="content"
    >
      <i
        className="icon-unfollow"
      />
      <span>
        Unfollow
      </span>
    </div>
  </a>
</div>
`;
