// Jest Snapshot v1, https://goo.gl/fbAQLP

exports[`User profile manage controls test (is a contact) Basic render test 1`] = `
<div
  className="contact profile-manage-controls"
>
  <div
    className="nti-button message flyout-closed"
    onMouseEnter={[Function]}
    onMouseLeave={[Function]}
  >
    <span>
      <div
        className="icon"
      />
      <span
        className="text"
      >
        Message
      </span>
    </span>
  </div>
  <div
    className="nti-button unfollow"
    onClick={[Function]}
  >
    <i
      className="icon-unfollow"
    />
    Unfollow
  </div>
</div>
`;

exports[`User profile manage controls test (is not a contact) Basic render test 1`] = `
<div
  className="non-contact profile-manage-controls"
>
  <div
    className="nti-button follow"
    onClick={[Function]}
  >
    <i
      className="icon-addfriend"
    />
    Follow
  </div>
</div>
`;
