// Jest Snapshot v1, https://goo.gl/fbAQLP

exports[`Bookmark renders correctly 1`] = `
<DocumentFragment>
  <div
    class="stream-bookmark"
  >
    <div
      class="heading"
    >
      <div
        class="nti-link-to-path"
        to="#"
      >
        <a
          class="username"
          rel="author"
        >
          Tim Jones
        </a>
      </div>
       created a bookmark on 
      <time
        class="ntiText"
        datetime="2018-08-31T00:00:00Z"
      >
        August 31, 2018
      </time>
    </div>
    <div
      class="nti-link-to-path"
      to="/id/user4-OID-0x04e6fa%3A5573657273%3AnywS9Pjp8FE"
    >
      <div
        class="bookmark-content"
      >
        <div
          class="bookmark-charms"
        >
          <div
            class="bookmark-favorite"
          />
        </div>
        <img
          class="bookmark-icon"
          src=""
        />
        <div
          class="bookmark-context"
        >
          <div
            class="nti-content-breadcrumb"
          >
            <div
              class="nti-link-to-path"
              to="/id/user4-OID-0x04e6fa%3A5573657273%3AnywS9Pjp8FE"
            >
              <ul
                class="breadcrumb-list"
              >
                <li
                  class="crumb last"
                >
                  <span>
                    Engine Types adn Applications
                  </span>
                </li>
              </ul>
            </div>
          </div>
          <div
            class="page-title"
          >
            Test
          </div>
        </div>
      </div>
    </div>
  </div>
</DocumentFragment>
`;
