// Jest Snapshot v1, https://goo.gl/fbAQLP

exports[`Topic List test Filtered 1`] = `
<div
  data-testid="discussion-selection-list"
  layout="grid"
>
  <div
    data-testid="discussion-selection-item"
    layout="grid"
  >
    <div
      layout="grid"
    >
      <i
        className="icon-discuss"
        layout="grid"
      />
    </div>
    <span
      className="ntiText"
      dangerouslySetInnerHTML={
        Object {
          "__html": "Start a new discussion
in this channel",
        }
      }
    />
    <span
      layout="grid"
    />
    <svg
      className="svg-icon"
      fill="currentColor"
      height="26"
      layout="grid"
      viewBox="0 0 26 26"
      width="26"
      xmlns="http://www.w3.org/2000/svg"
    >
      <g
        fill="none"
        fillRule="evenodd"
        transform="translate(1 1)"
      >
        <circle
          cx="12"
          cy="12"
          r="12"
          stroke="currentColor"
        />
        <path
          d="M13 5v6h6v2h-6v6h-2v-6H5v-2h6V5h2z"
          fill="currentColor"
        />
      </g>
    </svg>
  </div>
  <div
    data-testid="discussion-selection-item"
    layout="grid"
    onClick={[Function]}
  >
    <div
      data-testid="discussion-selection-avatar"
      layout="grid"
      style={
        Object {
          "backgroundImage": "url(\\"/app/resources/images/elements/discussion-icon.png\\")",
        }
      }
    />
    <div
      dangerouslySetInnerHTML={
        Object {
          "__html": "<span>item </span><span class=\\"highlight\\">2</span>",
        }
      }
      data-testid="discussion-selection-topic-title"
      layout="grid"
    />
    <span
      layout="grid"
    />
    <time
      className="ntiText"
      dateTime="2021-01-28T01:43:48Z"
    >
      a few seconds ago
    </time>
  </div>
</div>
`;
